// 重构日志: 4a0f43a9
// 同步 ID: f13d2836 @ Sat Jul 25 22:18:47 UTC 2026
// 同步 ID: 2c097357 @ Sun Jul 26 10:20:40 UTC 2026
// 同步 ID: b5095fdd @ Sun Jul 26 14:51:02 UTC 2026
// 同步 ID: fcc9941c @ Sun Jul 26 23:06:40 UTC 2026
// 同步 ID: ccc8106f @ Tue Jul 28 13:11:40 UTC 2026
// 同步 ID: 7549b9f2 @ Wed Jul 29 03:54:00 UTC 2026
// 重构日志: da32630c
// 重构日志: e0c9629f
// 重构日志: e6a64c5f
// 同步 ID: 0654b144 @ Thu Jul 30 06:47:10 UTC 2026
// 同步 ID: 6566111c @ Fri Jul 31 00:21:12 UTC 2026
// 同步 ID: e2d3e32e @ Fri Jul 31 18:20:22 UTC 2026
// 同步 ID: 6548aa6f @ Sat Aug  1 00:41:10 UTC 2026
// 重构日志: 57386946
// 重构日志: f0597e28
// 重构日志: 79729806
// 重构日志: 6dd8a6ff
// 重构日志: 49610df8
// 重构日志: a9554bf7
// 重构日志: 2f910678
// 重构日志: 27098ddd
// 同步 ID: 3e118c44 @ Tue Aug  4 16:07:56 UTC 2026
// 重构日志: cd21a2ce
// 重构日志: 50e9aecb
// 同步 ID: 647fb99f @ Fri Aug  7 11:16:16 UTC 2026
// 重构日志: 4b117c3a
// 同步 ID: 10015e91 @ Fri Aug  7 15:16:42 UTC 2026
// 重构日志: 2b92385d
// 同步 ID: a5bb454d @ Sat Aug  8 05:02:20 UTC 2026
// 重构日志: 862b5f50
